// Jest Snapshot v1, https://goo.gl/fbAQLP

exports[`getUserData Saga should call the repoLoadingError action if the response errors 1`] = `
Object {
  "@@redux-saga/IO": true,
  "CALL": Object {
    "args": Array [
      "https://randomuser.me/api/",
    ],
    "context": null,
    "fn": [Function],
  },
}
`;

exports[`getUserData Saga should dispatch the reposLoaded action if it requests the data successfully 1`] = `
Object {
  "@@redux-saga/IO": true,
  "CALL": Object {
    "args": Array [
      "https://randomuser.me/api/",
    ],
    "context": null,
    "fn": [Function],
  },
}
`;
